components/Dashboard.tsx(551,23): error TS17015: Expected corresponding closing tag for JSX fragment.
components/Dashboard.tsx(554,31): error TS1005: ';' expected.
components/Dashboard.tsx(555,13): error TS2657: JSX expressions must have one parent element.
components/Dashboard.tsx(598,11): error TS1129: Statement expected.
components/Dashboard.tsx(601,15): error TS1005: ';' expected.
components/Dashboard.tsx(614,11): error TS1128: Declaration or statement expected.
components/Dashboard.tsx(615,11): error TS1109: Expression expected.
components/Dashboard.tsx(615,13): error TS1109: Expression expected.
components/Dashboard.tsx(616,9): error TS1109: Expression expected.
components/Dashboard.tsx(618,3): error TS1128: Declaration or statement expected.
components/Dashboard.tsx(679,1): error TS1128: Declaration or statement expected.
